cargo :     Checking solesigner v0.1.0 
(C:\azure\rust\SoleSigner)
En línea: 1 Carácter: 1
+ cargo check > errors.txt 2>&1
+ ~~~~~~~~~~~~~~~~~~~~~~~~~~~~~
    + CategoryInfo          : NotSpecified: (    Checking s 
   o...ust\SoleSigner):String) [], RemoteException
    + FullyQualifiedErrorId : NativeCommandError
 
warning: unused variable: `left_attempt`
  --> src\bin\verify_receipt.rs:31:13
   |
31 |         let left_attempt = hash_data(&format!("{}{}", 
sibling, current_hash));
   |             ^^^^^^^^^^^^ help: if this is intentional, 
prefix it with an underscore: `_left_attempt`
   |
   = note: `#[warn(unused_variables)]` (part of 
`#[warn(unused)]`) on by default

warning: `solesigner` (bin "verify_receipt") generated 1 
warning
error[E0428]: the name `ValidateIdentityRequest` is defined 
multiple times
   --> src\api\mod.rs:329:1
    |
117 | pub struct ValidateIdentityRequest {
    | ---------------------------------- previous 
definition of the type `ValidateIdentityRequest` here
...
329 | pub struct ValidateIdentityRequest {
    | ^^^^^^^^^^^^^^^^^^^^^^^^^^^^^^^^^^ 
`ValidateIdentityRequest` redefined here
    |
    = note: `ValidateIdentityRequest` must be defined only 
once in the type namespace of this module

error[E0428]: the name `ValidateIdentityResponse` is 
defined multiple times
   --> src\api\mod.rs:338:1
    |
127 | pub struct ValidateIdentityResponse {
    | ----------------------------------- previous 
definition of the type `ValidateIdentityResponse` here
...
338 | pub struct ValidateIdentityResponse {
    | ^^^^^^^^^^^^^^^^^^^^^^^^^^^^^^^^^^^ 
`ValidateIdentityResponse` redefined here
    |
    = note: `ValidateIdentityResponse` must be defined only 
once in the type namespace of this module

warning: unused import: `Algorithm`
  --> src\api\mod.rs:13:36
   |
13 | use jsonwebtoken::{decode, encode, Algorithm, 
DecodingKey, EncodingKey, Header, Validation};
   |                                    ^^^^^^^^^
   |
   = note: `#[warn(unused_imports)]` (part of 
`#[warn(unused)]`) on by default

warning: unused import: `image::DynamicImage`
 --> src\identity\mod.rs:1:5
  |
1 | use image::DynamicImage;
  |     ^^^^^^^^^^^^^^^^^^^

warning: unused import: `std::sync::Arc`
 --> src\identity\mod.rs:2:5
  |
2 | use std::sync::Arc;
  |     ^^^^^^^^^^^^^^

error[E0119]: conflicting implementations of trait 
`Serialize` for type `api::ValidateIdentityResponse`
   --> src\api\mod.rs:337:10
    |
126 | #[derive(Serialize)]
    |          --------- first implementation here
...
337 | #[derive(Serialize)]
    |          ^^^^^^^^^ conflicting implementation for 
`api::ValidateIdentityResponse`
    |
    = note: this error originates in the derive macro 
`Serialize` (in Nightly builds, run with -Z macro-backtrace 
for more info)

error[E0119]: conflicting implementations of trait 
`Deserialize<'_>` for type `api::ValidateIdentityRequest`
   --> src\api\mod.rs:328:10
    |
116 | #[derive(Deserialize)]
    |          ----------- first implementation here
...
328 | #[derive(Deserialize)]
    |          ^^^^^^^^^^^ conflicting implementation for 
`api::ValidateIdentityRequest`
    |
    = note: this error originates in the derive macro 
`Deserialize` (in Nightly builds, run with -Z 
macro-backtrace for more info)

warning: unused variable: `state`
  --> src\api\mod.rs:82:9
   |
82 |         state: &AppState,
   |         ^^^^^ help: if this is intentional, prefix it 
with an underscore: `_state`
   |
   = note: `#[warn(unused_variables)]` (part of 
`#[warn(unused)]`) on by default

Some errors have detailed explanations: E0119, E0428.
For more information about an error, try `rustc --explain 
E0119`.
warning: `solesigner` (bin "solesigner") generated 4 
warnings
error: could not compile `solesigner` (bin "solesigner") 
due to 4 previous errors; 4 warnings emitted
